// Jest Snapshot v1, https://goo.gl/fbAQLP

exports[`renders correctly 1`] = `
<tr
  style={
    Object {
      "backgroundColor": "darkgrey",
    }
  }
>
  <td>
    2:00 AM
  </td>
  <td
    data-testid="current-booking"
    style={
      Object {
        "backgroundColor": "green",
        "width": "100px",
      }
    }
  />
  <td
    style={
      Object {
        "backgroundColor": "green",
        "width": "100px",
      }
    }
  />
</tr>
`;
